CCS PCH C Compiler, Version 5.008, 5967               18-jun.-19 14:44

               Filename:   C:\Users\padul\Desktop\GitHub\SMP\Comportamiento_Final\final.lst

               ROM used:   278 bytes (1%)
                           Largest free fragment is 30438
               RAM used:   26 (1%) at main() level
                           27 (1%) worst case
               Stack used: 2 locations (1 in main + 1 for interrupts)
               Stack size: 31

*
0800:  GOTO   08EC
*
0808:  MOVWF  04
080A:  MOVFF  FD8,05
080E:  MOVFF  FE0,06
0812:  MOVLB  0
0814:  MOVFF  FE9,0C
0818:  MOVFF  FEA,07
081C:  MOVFF  FE1,08
0820:  MOVFF  FE2,09
0824:  MOVFF  FD9,0A
0828:  MOVFF  FDA,0B
082C:  MOVFF  FF3,12
0830:  MOVFF  FF4,13
0834:  MOVFF  FFA,14
0838:  MOVFF  00,0E
083C:  MOVFF  01,0F
0840:  MOVFF  02,10
0844:  MOVFF  03,11
0848:  BTFSS  FF2.5
084A:  GOTO   0854
084E:  BTFSC  FF2.2
0850:  GOTO   0896
0854:  MOVFF  0E,00
0858:  MOVFF  0F,01
085C:  MOVFF  10,02
0860:  MOVFF  11,03
0864:  MOVFF  0C,FE9
0868:  MOVFF  07,FEA
086C:  BSF    07.7
086E:  MOVFF  08,FE1
0872:  MOVFF  09,FE2
0876:  MOVFF  0A,FD9
087A:  MOVFF  0B,FDA
087E:  MOVFF  12,FF3
0882:  MOVFF  13,FF4
0886:  MOVFF  14,FFA
088A:  MOVF   04,W
088C:  MOVFF  06,FE0
0890:  MOVFF  05,FD8
0894:  RETFIE 0
.................... #include "mismov.h" 
.................... #ifndef _MISMOV_ 
.................... #define _MISMOV_ 
....................  
.................... #include "tarjeta.h" 
....................  
.................... #ifndef _TARJETA_ 
.................... #define _TARJETA_ 
....................  
.................... #include <18F4550.h> 
.................... //////// Standard Header file for the PIC18F4550 device //////////////// 
.................... #device PIC18F4550 
....................  
.................... #list 
....................  
....................  
.................... #fuses USBDIV, CPUDIV1, PLL5, HSPLL, NOFCMEN, NOIESO, VREGEN, BORV21, BROWNOUT, NOPUT, WDT32768, NOWDT 
.................... #fuses MCLR, NOLPT1OSC, NOPBADEN, CCP2C1, NODEBUG, NOXINST, NOICPRT, NOLVP, STVREN, NOPROTECT, NOCPD 
.................... #fuses NOCPB, NOWRT, NOWRTD, WRTB, NOWRTC, NOEBTR, NOEBTRB 
....................  
.................... /*********************************************************** 
....................       EVITAMOS LA ZONA DE MEMORIA ASIGNADA AL MONITOR 
.................... ***********************************************************/ 
....................  
.................... #define LOADER_END   0x7FF 
.................... #define LOADER_SIZE   0x6FF 
....................  
.................... #build(reset=LOADER_END+1, interrupt=LOADER_END+9) 
.................... #org 0, LOADER_END {} 
.................... //#org 0x82A, 0x7FFF 
....................  
....................  
.................... /*********************************************************** 
....................            FUNCIONES PARA MOVER LOS MOTORES 
.................... MX_H() : Mueve el motor en sentido horario 
.................... MX_A() : Mueve el motor en sentido anti-horario 
.................... MX_P() : Para el motor 
.................... ***********************************************************/ 
....................  
.................... void M1_A(){ 
....................    output_high(PIN_A1); 
....................    output_high(PIN_D7); 
....................    output_low(PIN_D6); 
.................... } 
....................  
.................... void M1_H(){ 
....................    output_high(PIN_A1); 
....................    output_low(PIN_D7); 
....................    output_high(PIN_D6); 
.................... } 
....................  
.................... void M1_P(){ 
....................    output_high(PIN_A1); 
....................    output_low(PIN_D7); 
....................    output_low(PIN_D6); 
.................... } 
....................  
.................... void M2_A(){ 
....................    output_high(PIN_A0); 
....................    output_high(PIN_C2); 
....................    output_low(PIN_D5); 
.................... } 
....................  
.................... void M2_H(){ 
....................    output_high(PIN_A0); 
....................    output_low(PIN_C2); 
....................    output_high(PIN_D5); 
.................... } 
....................  
.................... void M2_P(){ 
....................    output_high(PIN_A0); 
....................    output_low(PIN_C2); 
....................    output_low(PIN_D5); 
.................... } 
....................  
.................... void M3_A(){ 
....................    output_high(PIN_A2); 
....................    output_low(PIN_B2); 
....................    output_high(PIN_E0); 
.................... } 
....................  
.................... void M3_H(){ 
....................    output_high(PIN_A2); 
....................    output_high(PIN_B2); 
....................    output_low(PIN_E0); 
.................... } 
....................  
.................... void M3_P(){ 
....................    output_high(PIN_A2); 
....................    output_low(PIN_B2); 
....................    output_low(PIN_E0); 
.................... } 
....................  
.................... void M4_A(){ 
....................    output_high(PIN_A3); 
....................    output_low(PIN_E2); 
....................    output_high(PIN_E1); 
.................... } 
....................  
.................... void M4_H(){ 
....................    output_high(PIN_A3); 
....................    output_high(PIN_E2); 
....................    output_low(PIN_E1); 
.................... } 
....................  
.................... void M4_P(){ 
....................    output_high(PIN_A3); 
....................    output_low(PIN_E2); 
....................    output_low(PIN_E1); 
.................... } 
....................  
....................  
.................... /*********************************************************** 
....................             MACRO PARA LEER EL PULSADOR P2 
.................... ***********************************************************/ 
....................  
.................... #define P2   (!input(PIN_B4)) 
....................  
.................... /*********************************************************** 
....................               MACROS PARA MANEJAR EL LED 
.................... ***********************************************************/ 
....................  
.................... #define led_on()   output_high(PIN_A5) 
.................... #define led_off()   output_low(PIN_A5) 
....................  
.................... /*********************************************************** 
....................            DEFINICION DE LAS E/S DIRECTAS 
.................... ***********************************************************/ 
....................  
.................... #define ES0   PIN_A4 
.................... #define ES1   PIN_B3 
.................... #define ES2   PIN_B5 
.................... #define ES3   PIN_B6 
.................... #define ES4   PIN_B7 
.................... #define ES5   PIN_C7 
.................... #define ES6   PIN_C6 
.................... #define ES7   PIN_C1 
.................... #define ES8   PIN_C0 
....................  
.................... /*********************************************************** 
....................         MACROS PARA LEER LOS SENSORES FIJOS INX 
.................... ***********************************************************/ 
....................  
.................... #define IN1      input(PIN_D0) 
.................... #define IN2      input(PIN_D1) 
.................... #define IN3      input(PIN_D2) 
.................... #define IN4      input(PIN_D3) 
.................... #define IN5      input(PIN_D4) 
.................... //IN6 ES UNA E/S CONFIGURABLE 
.................... //#define IN6      input(ES0) 
.................... //#define IN6      input(ES1) 
.................... // ... O CUALQUIER OTRA E/S DIRECTA 
....................  
.................... /*********************************************************** 
....................             DIRECTIVA PARA EL USO DEL I2C 
.................... ***********************************************************/ 
.................... #use I2C(master, sda=PIN_B0, scl=PIN_B1) 
....................  
.................... #endif 
....................  
.................... #include "srf02.h" 
.................... #ifndef _SRF02_ 
.................... #define _SRF02_ 
....................  
.................... #define SRF02W 0xE0 
.................... #define SRF02WW 0xE0 
.................... #define SRF02WO 0xE2 
.................... #define SRF02WY 0xE4 
.................... #define COMMAND 0 
.................... #define SRF02R 0xE1 
.................... #define SRF02RW 0xE1 
.................... #define SRF02RO 0xE3 
.................... #define SRF02RY 0xE5 
.................... #define MEASUREH 2 
.................... #define MEASUREL 3 
.................... #use delay (clock=48000000) 
....................  
.................... unsigned int16 srf_measure_cm_frente(){ 
.................... unsigned int16 m, m2; 
....................  
....................    i2c_start(); 
....................    delay_us(50); 
....................    i2c_write(SRF02WW); 
....................    delay_us(50); 
....................    i2c_write(COMMAND); 
....................    delay_us(50); 
....................    i2c_write(0x51); 
....................    delay_us(50); 
....................    i2c_stop(); 
....................    delay_ms(80); 
....................    i2c_start(); 
....................    delay_us(50); 
....................    i2c_write(SRF02WW); 
....................    delay_us(50); 
....................    i2c_write(MEASUREH); 
....................    delay_us(50); 
....................    i2c_start(); 
....................    delay_us(50); 
....................    i2c_write(SRF02RW); 
....................    delay_us(50); 
....................    m = i2c_read(); 
....................    delay_us(50); 
....................    m2 = i2c_read(0); 
....................    delay_us(50); 
....................    i2c_stop(); 
....................  
....................    m = (m << 8) | m2; 
....................    return m; 
.................... } 
....................  
.................... unsigned int16 srf_measure_cm_dere(){ 
.................... unsigned int16 m, m2; 
....................  
....................    i2c_start(); 
....................    delay_us(50); 
....................    i2c_write(SRF02WO); 
....................    delay_us(50); 
....................    i2c_write(COMMAND); 
....................    delay_us(50); 
....................    i2c_write(0x51); 
....................    delay_us(50); 
....................    i2c_stop(); 
....................    delay_ms(80); 
....................    i2c_start(); 
....................    delay_us(50); 
....................    i2c_write(SRF02WO); 
....................    delay_us(50); 
....................    i2c_write(MEASUREH); 
....................    delay_us(50); 
....................    i2c_start(); 
....................    delay_us(50); 
....................    i2c_write(SRF02RO); 
....................    delay_us(50); 
....................    m = i2c_read(); 
....................    delay_us(50); 
....................    m2 = i2c_read(0); 
....................    delay_us(50); 
....................    i2c_stop(); 
....................  
....................    m = (m << 8) | m2; 
....................    return m; 
.................... } 
....................  
.................... unsigned int16 srf_measure_cm_izqui(){ 
.................... unsigned int16 m, m2; 
....................  
....................    i2c_start(); 
....................    delay_us(50); 
....................    i2c_write(SRF02WY); 
....................    delay_us(50); 
....................    i2c_write(COMMAND); 
....................    delay_us(50); 
....................    i2c_write(0x51); 
....................    delay_us(50); 
....................    i2c_stop(); 
....................    delay_ms(80); 
....................    i2c_start(); 
....................    delay_us(50); 
....................    i2c_write(SRF02WY); 
....................    delay_us(50); 
....................    i2c_write(MEASUREH); 
....................    delay_us(50); 
....................    i2c_start(); 
....................    delay_us(50); 
....................    i2c_write(SRF02RY); 
....................    delay_us(50); 
....................    m = i2c_read(); 
....................    delay_us(50); 
....................    m2 = i2c_read(0); 
....................    delay_us(50); 
....................    i2c_stop(); 
....................  
....................    m = (m << 8) | m2; 
....................    return m; 
.................... } 
....................  
.................... unsigned int16 srf_measure_in(){ 
.................... unsigned int16 m, m2; 
....................  
....................    i2c_start(); 
....................    delay_us(50); 
....................    i2c_write(SRF02W); 
....................    delay_us(50); 
....................    i2c_write(COMMAND); 
....................    delay_us(50); 
....................    i2c_write(0x50); 
....................    delay_us(50); 
....................    i2c_stop(); 
....................    delay_ms(80); 
....................    i2c_start(); 
....................    delay_us(50); 
....................    i2c_write(SRF02W); 
....................    delay_us(50); 
....................    i2c_write(MEASUREH); 
....................    delay_us(50); 
....................    i2c_start(); 
....................    delay_us(50); 
....................    i2c_write(SRF02R); 
....................    delay_us(50); 
....................    m = i2c_read(); 
....................    delay_us(50); 
....................    m2 = i2c_read(0); 
....................    delay_us(50); 
....................    i2c_stop(); 
....................  
....................    m = (m << 8) | m2; 
....................    return m; 
.................... } 
....................  
.................... unsigned int16 srf_measure_us(){ 
.................... unsigned int16 m, m2; 
....................  
....................    i2c_start(); 
....................    delay_us(50); 
....................    i2c_write(SRF02W); 
....................    delay_us(50); 
....................    i2c_write(COMMAND); 
....................    delay_us(50); 
....................    i2c_write(0x52); 
....................    delay_us(50); 
....................    i2c_stop(); 
....................    delay_ms(80); 
....................    i2c_start(); 
....................    delay_us(50); 
....................    i2c_write(SRF02W); 
....................    delay_us(50); 
....................    i2c_write(MEASUREH); 
....................    delay_us(50); 
....................    i2c_start(); 
....................    delay_us(50); 
....................    i2c_write(SRF02R); 
....................    delay_us(50); 
....................    m = i2c_read(); 
....................    delay_us(50); 
....................    m2 = i2c_read(0); 
....................    delay_us(50); 
....................    i2c_stop(); 
....................  
....................    m = (m << 8) | m2; 
....................    return m; 
.................... } 
....................  
.................... unsigned int16 srf_false_measure_cm(){ 
.................... unsigned int16 m, m2; 
....................  
....................    i2c_start(); 
....................    delay_us(50); 
....................    i2c_write(SRF02W); 
....................    delay_us(50); 
....................    i2c_write(COMMAND); 
....................    delay_us(50); 
....................    i2c_write(0x57); 
....................    delay_us(50); 
....................    i2c_stop(); 
....................    delay_ms(80); 
....................    i2c_start(); 
....................    delay_us(50); 
....................    i2c_write(SRF02W); 
....................    delay_us(50); 
....................    i2c_write(MEASUREH); 
....................    delay_us(50); 
....................    i2c_start(); 
....................    delay_us(50); 
....................    i2c_write(SRF02R); 
....................    delay_us(50); 
....................    m = i2c_read(); 
....................    delay_us(50); 
....................    m2 = i2c_read(0); 
....................    delay_us(50); 
....................    i2c_stop(); 
....................  
....................    m = (m << 8) | m2; 
....................    return m; 
.................... } 
....................  
.................... unsigned int16 srf_false_measure_in(){ 
.................... unsigned int16 m, m2; 
....................  
....................    i2c_start(); 
....................    delay_us(50); 
....................    i2c_write(SRF02W); 
....................    delay_us(50); 
....................    i2c_write(COMMAND); 
....................    delay_us(50); 
....................    i2c_write(0x56); 
....................    delay_us(50); 
....................    i2c_stop(); 
....................    delay_ms(80); 
....................    i2c_start(); 
....................    delay_us(50); 
....................    i2c_write(SRF02W); 
....................    delay_us(50); 
....................    i2c_write(MEASUREH); 
....................    delay_us(50); 
....................    i2c_start(); 
....................    delay_us(50); 
....................    i2c_write(SRF02R); 
....................    delay_us(50); 
....................    m = i2c_read(); 
....................    delay_us(50); 
....................    m2 = i2c_read(0); 
....................    delay_us(50); 
....................    i2c_stop(); 
....................  
....................    m = (m << 8) | m2; 
....................    return m; 
.................... } 
....................  
.................... unsigned int16 srf_false_measure_us(){ 
.................... unsigned int16 m, m2; 
....................  
....................    i2c_start(); 
....................    delay_us(50); 
....................    i2c_write(SRF02W); 
....................    delay_us(50); 
....................    i2c_write(COMMAND); 
....................    delay_us(50); 
....................    i2c_write(0x58); 
....................    delay_us(50); 
....................    i2c_stop(); 
....................    delay_ms(80); 
....................    i2c_start(); 
....................    delay_us(50); 
....................    i2c_write(SRF02W); 
....................    delay_us(50); 
....................    i2c_write(MEASUREH); 
....................    delay_us(50); 
....................    i2c_start(); 
....................    delay_us(50); 
....................    i2c_write(SRF02R); 
....................    delay_us(50); 
....................    m = i2c_read(); 
....................    delay_us(50); 
....................    m2 = i2c_read(0); 
....................    delay_us(50); 
....................    i2c_stop(); 
....................  
....................    m = (m << 8) | m2; 
....................    return m; 
.................... } 
....................  
.................... void srf_burst(){ 
....................  
....................    i2c_start(); 
....................    delay_us(50); 
....................    i2c_write(SRF02W); 
....................    delay_us(50); 
....................    i2c_write(COMMAND); 
....................    delay_us(50); 
....................    i2c_write(0x5C); 
....................    delay_us(50); 
....................    i2c_stop(); 
.................... } 
....................  
.................... #endif 
....................  
.................... #use delay (clock=48000000) 
....................  
.................... void DELANTE(){ 
....................    M1_H(); 
....................    M2_A(); 
.................... } 
....................  
.................... void ATRAS(){ 
....................    M1_A(); 
....................    M2_H(); 
.................... } 
....................  
.................... void PARAR(){ 
....................    M1_P(); 
....................    M2_P(); 
.................... } 
....................  
.................... void PARAR_I(){ 
....................    M4_P(); 
.................... } 
....................  
.................... void DISPARAR(){ 
....................    M4_H(); 
.................... } 
....................  
.................... void RECOGER(){ 
....................    M4_A(); 
.................... } 
....................  
.................... void IMPACTO(){ 
....................    DISPARAR(); 
....................    delay_ms(50); 
....................    PARAR_I(); 
....................    delay_ms(50); 
....................    RECOGER(); 
....................    delay_ms(50); 
....................    PARAR_I(); 
....................    delay_ms(50); 
.................... } 
....................  
.................... void DERECHA(){ 
....................    PARAR(); 
....................    delay_ms(400); 
....................    M1_P(); 
....................    M2_H(); 
.................... } 
....................  
.................... void IZQUIERDA(){ 
....................    PARAR(); 
....................    delay_ms(400); 
....................    M1_A(); 
....................    M2_P(); 
.................... } 
....................  
.................... int ULTRA_SONIDOS_FRENTE(int dist){ 
....................    //delay_ms(1); 
....................    if(srf_measure_cm_frente() < dist)  
....................       return 1; 
....................    else 
....................       return 0; 
.................... } 
....................  
.................... int ULTRA_SONIDOS_DERE(int dist){ 
....................    //delay_ms(1); 
....................    if(srf_measure_cm_dere() < dist)  
....................       return 1; 
....................    else 
....................       return 0; 
.................... } 
....................  
....................  
.................... int ULTRA_SONIDOS_IZQUI(int dist){ 
....................    //delay_ms(1); 
....................    if(srf_measure_cm_izqui() < dist)  
....................       return 1; 
....................    else 
....................       return 0; 
.................... } 
....................  
.................... #endif 
....................  
.................... #use delay (clock=48000000) 
*
08B4:  CLRF   FEA
08B6:  MOVLW  1A
08B8:  MOVWF  FE9
08BA:  MOVF   FEF,W
08BC:  BZ    08DA
08BE:  MOVLW  0F
08C0:  MOVWF  01
08C2:  CLRF   00
08C4:  DECFSZ 00,F
08C6:  BRA    08C4
08C8:  DECFSZ 01,F
08CA:  BRA    08C2
08CC:  MOVLW  8F
08CE:  MOVWF  00
08D0:  DECFSZ 00,F
08D2:  BRA    08D0
08D4:  NOP   
08D6:  DECFSZ FEF,F
08D8:  BRA    08BE
08DA:  GOTO   090C (RETURN)
....................  
.................... const long int valor = 255; 
.................... int movimiento; 
.................... long int contador = valor; 
....................  
.................... void inicializarTimer0PWM(){  
....................    setup_timer_0(RTCC_INTERNAL|RTCC_DIV_4 | RTCC_8_BIT);  
08DE:  MOVLW  C1
08E0:  MOVWF  FD5
....................    enable_interrupts(INT_TIMER0);  
08E2:  BSF    FF2.5
....................    enable_interrupts(GLOBAL);  
08E4:  MOVLW  C0
08E6:  IORWF  FF2,F
08E8:  GOTO   0912 (RETURN)
.................... }  
....................  
.................... #INT_TIMER0 
.................... void tmr0(){ 
....................    contador--; 
*
0896:  MOVF   17,W
0898:  BTFSC  FD8.2
089A:  DECF   18,F
089C:  DECF   17,F
....................  
....................    if(contador == 0){ 
089E:  MOVF   17,F
08A0:  BNZ   08AE
08A2:  MOVF   18,F
08A4:  BNZ   08AE
....................       led_off(); 
08A6:  BCF    F92.5
08A8:  BCF    F89.5
....................       //PARAR(); 
....................       contador = valor; 
08AA:  CLRF   18
08AC:  SETF   17
....................    } 
08AE:  BCF    FF2.2
08B0:  GOTO   0854
.................... } 
....................  
.................... void main() { 
*
08EC:  CLRF   FF8
08EE:  BCF    FD0.7
08F0:  BSF    07.7
08F2:  CLRF   18
08F4:  SETF   17
08F6:  MOVF   FC1,W
08F8:  ANDLW  C0
08FA:  IORLW  0F
08FC:  MOVWF  FC1
08FE:  MOVLW  07
0900:  MOVWF  FB4
....................    delay_ms(3000); 
0902:  MOVLW  0C
0904:  MOVWF  19
0906:  MOVLW  FA
0908:  MOVWF  1A
090A:  BRA    08B4
090C:  DECFSZ 19,F
090E:  BRA    0906
....................    inicializarTimer0PWM(); 
0910:  BRA    08DE
....................    led_on(); 
0912:  BCF    F92.5
0914:  BSF    F89.5
....................    //led_off(); 
....................    //DERECHA(); 
....................    while(1){ 
0916:  BRA    0916
....................       //DELANTE(); 
....................    } 
.................... } 
0918:  SLEEP 

Configuration Fuses:
   Word  1: 0E24   PLL5 CPUDIV1 USBDIV HSPLL NOFCMEN NOIESO
   Word  2: 1E3F   NOPUT BROWNOUT BORV21 VREGEN NOWDT WDT32768
   Word  3: 8100   CCP2C1 NOPBADEN NOLPT1OSC MCLR
   Word  4: 0081   STVREN NOLVP ICSP1 NOXINST NODEBUG
   Word  5: C00F   NOPROTECT NOCPB NOCPD
   Word  6: A00F   NOWRT NOWRTC WRTB NOWRTD
   Word  7: 400F   NOEBTR NOEBTRB
