CCS PCH C Compiler, Version 5.008, 5967               08-abr.-19 19:11

               Filename:   U:\SMP\Motores + Sensor\motores_with_sensor.lst

               ROM used:   140 bytes (0%)
                           Largest free fragment is 30576
               RAM used:   4 (0%) at main() level
                           4 (0%) worst case
               Stack used: 1 locations
               Stack size: 31

*
0800:  GOTO   0864
.................... #include "tarjeta.h"  
.................... #ifndef _TARJETA_ 
.................... #define _TARJETA_ 
....................  
.................... #include <18F4550.h> 
.................... //////// Standard Header file for the PIC18F4550 device //////////////// 
.................... #device PIC18F4550 
....................  
.................... #list 
....................  
....................  
.................... #fuses USBDIV, CPUDIV1, PLL5, HSPLL, NOFCMEN, NOIESO, VREGEN, BORV21, BROWNOUT, NOPUT, WDT32768, NOWDT 
.................... #fuses MCLR, NOLPT1OSC, NOPBADEN, CCP2C1, NODEBUG, NOXINST, NOICPRT, NOLVP, STVREN, NOPROTECT, NOCPD 
.................... #fuses NOCPB, NOWRT, NOWRTD, WRTB, NOWRTC, NOEBTR, NOEBTRB 
....................  
.................... /*********************************************************** 
....................       EVITAMOS LA ZONA DE MEMORIA ASIGNADA AL MONITOR 
.................... ***********************************************************/ 
....................  
.................... #define LOADER_END   0x7FF 
.................... #define LOADER_SIZE   0x6FF 
....................  
.................... #build(reset=LOADER_END+1, interrupt=LOADER_END+9) 
.................... #org 0, LOADER_END {} 
.................... //#org 0x82A, 0x7FFF 
....................  
....................  
.................... /*********************************************************** 
....................            FUNCIONES PARA MOVER LOS MOTORES 
.................... MX_H() : Mueve el motor en sentido horario 
.................... MX_A() : Mueve el motor en sentido anti-horario 
.................... MX_P() : Para el motor 
.................... ***********************************************************/ 
....................  
.................... void M1_A(){ 
....................    output_high(PIN_A1); 
....................    output_high(PIN_D7); 
....................    output_low(PIN_D6); 
.................... } 
....................  
.................... void M1_H(){ 
....................    output_high(PIN_A1); 
*
0808:  BCF    F92.1
080A:  BSF    F89.1
....................    output_low(PIN_D7); 
080C:  BCF    F95.7
080E:  BCF    F8C.7
....................    output_high(PIN_D6); 
0810:  BCF    F95.6
0812:  BSF    F8C.6
0814:  RETURN 0
.................... } 
....................  
.................... void M1_P(){ 
....................    output_high(PIN_A1); 
....................    output_low(PIN_D7); 
....................    output_low(PIN_D6); 
.................... } 
....................  
.................... void M2_A(){ 
....................    output_high(PIN_A0); 
*
0844:  BCF    F92.0
0846:  BSF    F89.0
....................    output_high(PIN_C2); 
0848:  BCF    F94.2
084A:  BSF    F8B.2
....................    output_low(PIN_D5); 
084C:  BCF    F95.5
084E:  BCF    F8C.5
0850:  GOTO   0888 (RETURN)
.................... } 
....................  
.................... void M2_H(){ 
....................    output_high(PIN_A0); 
*
0816:  BCF    F92.0
0818:  BSF    F89.0
....................    output_low(PIN_C2); 
081A:  BCF    F94.2
081C:  BCF    F8B.2
....................    output_high(PIN_D5); 
081E:  BCF    F95.5
0820:  BSF    F8C.5
0822:  GOTO   087E (RETURN)
.................... } 
....................  
.................... void M2_P(){ 
....................    output_high(PIN_A0); 
....................    output_low(PIN_C2); 
....................    output_low(PIN_D5); 
.................... } 
....................  
.................... void M3_A(){ 
....................    output_high(PIN_A2); 
....................    output_low(PIN_B2); 
....................    output_high(PIN_E0); 
.................... } 
....................  
.................... void M3_H(){ 
....................    output_high(PIN_A2); 
0826:  BCF    F92.2
0828:  BSF    F89.2
....................    output_high(PIN_B2); 
082A:  BCF    F93.2
082C:  BSF    F8A.2
....................    output_low(PIN_E0); 
082E:  BCF    F96.0
0830:  BCF    F8D.0
0832:  RETURN 0
.................... } 
....................  
.................... void M3_P(){ 
....................    output_high(PIN_A2); 
....................    output_low(PIN_B2); 
....................    output_low(PIN_E0); 
.................... } 
....................  
.................... void M4_A(){ 
....................    output_high(PIN_A3); 
*
0854:  BCF    F92.3
0856:  BSF    F89.3
....................    output_low(PIN_E2); 
0858:  BCF    F96.2
085A:  BCF    F8D.2
....................    output_high(PIN_E1); 
085C:  BCF    F96.1
085E:  BSF    F8D.1
0860:  GOTO   088C (RETURN)
.................... } 
....................  
.................... void M4_H(){ 
....................    output_high(PIN_A3); 
*
0834:  BCF    F92.3
0836:  BSF    F89.3
....................    output_high(PIN_E2); 
0838:  BCF    F96.2
083A:  BSF    F8D.2
....................    output_low(PIN_E1); 
083C:  BCF    F96.1
083E:  BCF    F8D.1
0840:  GOTO   0882 (RETURN)
.................... } 
....................  
.................... void M4_P(){ 
....................    output_high(PIN_A3); 
....................    output_low(PIN_E2); 
....................    output_low(PIN_E1); 
.................... } 
....................  
....................  
.................... /*********************************************************** 
....................             MACRO PARA LEER EL PULSADOR P2 
.................... ***********************************************************/ 
....................  
.................... #define P2   (!input(PIN_B4)) 
....................  
.................... /*********************************************************** 
....................               MACROS PARA MANEJAR EL LED 
.................... ***********************************************************/ 
....................  
.................... #define led_on()   output_high(PIN_A5) 
.................... #define led_off()   output_low(PIN_A5) 
....................  
.................... /*********************************************************** 
....................            DEFINICION DE LAS E/S DIRECTAS 
.................... ***********************************************************/ 
....................  
.................... #define ES0   PIN_A4 
.................... #define ES1   PIN_B3 
.................... #define ES2   PIN_B5 
.................... #define ES3   PIN_B6 
.................... #define ES4   PIN_B7 
.................... #define ES5   PIN_C7 
.................... #define ES6   PIN_C6 
.................... #define ES7   PIN_C1 
.................... #define ES8   PIN_C0 
....................  
.................... /*********************************************************** 
....................         MACROS PARA LEER LOS SENSORES FIJOS INX 
.................... ***********************************************************/ 
....................  
.................... #define IN1      input(PIN_D0) 
.................... #define IN2      input(PIN_D1) 
.................... #define IN3      input(PIN_D2) 
.................... #define IN4      input(PIN_D3) 
.................... #define IN5      input(PIN_D4) 
.................... //IN6 ES UNA E/S CONFIGURABLE 
.................... //#define IN6      input(ES0) 
.................... //#define IN6      input(ES1) 
.................... // ... O CUALQUIER OTRA E/S DIRECTA 
....................  
.................... /*********************************************************** 
....................             DIRECTIVA PARA EL USO DEL I2C 
.................... ***********************************************************/ 
.................... #use I2C(master, sda=PIN_B0, scl=PIN_B1) 
....................  
.................... #endif 
....................  
....................  
....................  
.................... #use delay (clock=48000000)  
....................  
....................  
.................... void inicializarTimer0PWM(){  
....................    setup_timer_0(RTCC_INTERNAL|RTCC_DIV_2|RTCC_8_BIT);  
....................    enable_interrupts(INT_TIMER0);  
....................    enable_interrupts(GLOBAL);  
.................... }   
....................   
.................... void main(){  
*
0864:  CLRF   FF8
0866:  BCF    FD0.7
0868:  MOVF   FC1,W
086A:  ANDLW  C0
086C:  IORLW  0F
086E:  MOVWF  FC1
0870:  MOVLW  07
0872:  MOVWF  FB4
....................    //inicializarTimer0PWM();  
....................      
....................    while(1){ 
....................       if(!IN1){ 
0874:  BSF    F95.0
0876:  BTFSC  F83.0
0878:  BRA    0884
....................          M1_H(); 
087A:  RCALL  0808
....................          M2_H(); 
087C:  BRA    0816
....................          M3_H(); 
087E:  RCALL  0826
....................          M4_H(); 
0880:  BRA    0834
....................       } 
0882:  BRA    088C
....................       else{ 
....................          M1_H(); 
0884:  RCALL  0808
....................          M2_A(); 
0886:  BRA    0844
....................          M3_H(); 
0888:  RCALL  0826
....................          M4_A(); 
088A:  BRA    0854
....................       } 
088C:  BRA    0874
....................    } 
.................... } 
088E:  SLEEP 

Configuration Fuses:
   Word  1: 0E24   PLL5 CPUDIV1 USBDIV HSPLL NOFCMEN NOIESO
   Word  2: 1E3F   NOPUT BROWNOUT BORV21 VREGEN NOWDT WDT32768
   Word  3: 8100   CCP2C1 NOPBADEN NOLPT1OSC MCLR
   Word  4: 0081   STVREN NOLVP ICSP1 NOXINST NODEBUG
   Word  5: C00F   NOPROTECT NOCPB NOCPD
   Word  6: A00F   NOWRT NOWRTC WRTB NOWRTD
   Word  7: 400F   NOEBTR NOEBTRB
